python : Traceback 
(most recent call 
last):
At line:1 char:1
+ python -c "import 
database, models; model
s.Base.metadata.create_
all(b ...
+ ~~~~~~~~~~~~~~~~~~~~~
~~~~~~~~~~~~~~~~~~~~~~~
~~~~~~~~~~~~~~~~~~~~~~~
~~
    + CategoryInfo     
         : NotSpecifi  
  ed: (Traceback (mo   
 st recent call las    
t)::String) [], Re    
moteException
    + FullyQualifiedEr 
   rorId : NativeComm  
  andError
 
  File "C:\Users\harsh\
AppData\Local\Programs\
Python\Python314\Lib\si
te-packages\sqlalchemy\
engine\base.py", line 
143, in __init__
    
self._dbapi_connection 
= 
engine.raw_connection()
                       
      
~~~~~~~~~~~~~~~~~~~~~^^
  File "C:\Users\harsh\
AppData\Local\Programs\
Python\Python314\Lib\si
te-packages\sqlalchemy\
engine\base.py", line 
3317, in raw_connection
    return 
self.pool.connect()
           
~~~~~~~~~~~~~~~~~^^
  File "C:\Users\harsh\
AppData\Local\Programs\
Python\Python314\Lib\si
te-packages\sqlalchemy\
pool\base.py", line 
448, in connect
    return _ConnectionF
airy._checkout(self)
           ~~~~~~~~~~~~
~~~~~~~~~~~~~~^^^^^^
  File "C:\Users\harsh\
AppData\Local\Programs\
Python\Python314\Lib\si
te-packages\sqlalchemy\
pool\base.py", line 
1272, in _checkout
    fairy = _Connection
Record.checkout(pool)
  File "C:\Users\harsh\
AppData\Local\Programs\
Python\Python314\Lib\si
te-packages\sqlalchemy\
pool\base.py", line 
712, in checkout
    rec = 
pool._do_get()
  File "C:\Users\harsh\
AppData\Local\Programs\
Python\Python314\Lib\si
te-packages\sqlalchemy\
pool\impl.py", line 
177, in _do_get
    with 
util.safe_reraise():
         
~~~~~~~~~~~~~~~~~^^
  File "C:\Users\harsh\
AppData\Local\Programs\
Python\Python314\Lib\si
te-packages\sqlalchemy\
util\langhelpers.py", 
line 121, in __exit__
    raise exc_value.wit
h_traceback(exc_tb)
  File "C:\Users\harsh\
AppData\Local\Programs\
Python\Python314\Lib\si
te-packages\sqlalchemy\
pool\impl.py", line 
175, in _do_get
    return self._create
_connection()
           ~~~~~~~~~~~~
~~~~~~~~~~~^^
  File "C:\Users\harsh\
AppData\Local\Programs\
Python\Python314\Lib\si
te-packages\sqlalchemy\
pool\base.py", line 
389, in 
_create_connection
    return 
_ConnectionRecord(self)
  File "C:\Users\harsh\
AppData\Local\Programs\
Python\Python314\Lib\si
te-packages\sqlalchemy\
pool\base.py", line 
674, in __init__
    self.__connect()
    ~~~~~~~~~~~~~~^^
  File "C:\Users\harsh\
AppData\Local\Programs\
Python\Python314\Lib\si
te-packages\sqlalchemy\
pool\base.py", line 
900, in __connect
    with 
util.safe_reraise():
         
~~~~~~~~~~~~~~~~~^^
  File "C:\Users\harsh\
AppData\Local\Programs\
Python\Python314\Lib\si
te-packages\sqlalchemy\
util\langhelpers.py", 
line 121, in __exit__
    raise exc_value.wit
h_traceback(exc_tb)
  File "C:\Users\harsh\
AppData\Local\Programs\
Python\Python314\Lib\si
te-packages\sqlalchemy\
pool\base.py", line 
896, in __connect
    
self.dbapi_connection 
= connection = pool._in
voke_creator(self)
                       
                  ~~~~~
~~~~~~~~~~~~~~~^^^^^^
  File "C:\Users\harsh\
AppData\Local\Programs\
Python\Python314\Lib\si
te-packages\sqlalchemy\
engine\create.py", 
line 667, in connect
    return dialect.conn
ect(*cargs_tup, 
**cparams)
           ~~~~~~~~~~~~
~~~^^^^^^^^^^^^^^^^^^^^
^^^
  File "C:\Users\harsh\
AppData\Local\Programs\
Python\Python314\Lib\si
te-packages\sqlalchemy\
engine\default.py", 
line 630, in connect
    return self.loaded_
dbapi.connect(*cargs, 
**cparams)  # type: 
ignore[no-any-return]  
# NOQA: E501
           ~~~~~~~~~~~~
~~~~~~~~~~~~~^^^^^^^^^^
^^^^^^^^^
  File "C:\Users\harsh\
AppData\Local\Programs\
Python\Python314\Lib\si
te-packages\psycopg2\__
init__.py", line 135, 
in connect
    conn = 
_connect(dsn, connectio
n_factory=connection_fa
ctory, **kwasync)
psycopg2.OperationalErr
or: could not 
translate host name "db
.rmozagpweahnnyheakak.s
upabase.co" to 
address: Name or 
service not known


The above exception 
was the direct cause 
of the following 
exception:

Traceback (most recent 
call last):
  File "<string>", 
line 1, in <module>
    import database, 
models; models.Base.met
adata.create_all(bind=d
atabase.engine)
                       
      ~~~~~~~~~~~~~~~~~
~~~~~~~~~~~~~~^^^^^^^^^
^^^^^^^^^^^^^
  File "C:\Users\harsh\
AppData\Local\Programs\
Python\Python314\Lib\si
te-packages\sqlalchemy\
sql\schema.py", line 
5928, in create_all
    
bind._run_ddl_visitor(
    
~~~~~~~~~~~~~~~~~~~~~^
        
ddl.SchemaGenerator, 
self, 
checkfirst=checkfirst, 
tables=tables
        ^^^^^^^^^^^^^^^
^^^^^^^^^^^^^^^^^^^^^^^
^^^^^^^^^^^^^^^^^^^^^^^
^^
    )
    ^
  File "C:\Users\harsh\
AppData\Local\Programs\
Python\Python314\Lib\si
te-packages\sqlalchemy\
engine\base.py", line 
3267, in 
_run_ddl_visitor
    with self.begin() 
as conn:
         ~~~~~~~~~~^^
  File "C:\Users\harsh\
AppData\Local\Programs\
Python\Python314\Lib\co
ntextlib.py", line 
141, in __enter__
    return 
next(self.gen)
  File "C:\Users\harsh\
AppData\Local\Programs\
Python\Python314\Lib\si
te-packages\sqlalchemy\
engine\base.py", line 
3257, in begin
    with 
self.connect() as conn:
         ~~~~~~~~~~~~^^
  File "C:\Users\harsh\
AppData\Local\Programs\
Python\Python314\Lib\si
te-packages\sqlalchemy\
engine\base.py", line 
3293, in connect
    return self._connec
tion_cls(self)
           ~~~~~~~~~~~~
~~~~~~~~^^^^^^
  File "C:\Users\harsh\
AppData\Local\Programs\
Python\Python314\Lib\si
te-packages\sqlalchemy\
engine\base.py", line 
145, in __init__
    Connection._handle_
dbapi_exception_noconne
ction(
    ~~~~~~~~~~~~~~~~~~~
~~~~~~~~~~~~~~~~~~~~~~~
~~~~~^
        err, dialect, 
engine
        
^^^^^^^^^^^^^^^^^^^^
    )
    ^
  File "C:\Users\harsh\
AppData\Local\Programs\
Python\Python314\Lib\si
te-packages\sqlalchemy\
engine\base.py", line 
2448, in _handle_dbapi_
exception_noconnection
    raise sqlalchemy_ex
ception.with_traceback(
exc_info[2]) from e
  File "C:\Users\harsh\
AppData\Local\Programs\
Python\Python314\Lib\si
te-packages\sqlalchemy\
engine\base.py", line 
143, in __init__
    
self._dbapi_connection 
= 
engine.raw_connection()
                       
      
~~~~~~~~~~~~~~~~~~~~~^^
  File "C:\Users\harsh\
AppData\Local\Programs\
Python\Python314\Lib\si
te-packages\sqlalchemy\
engine\base.py", line 
3317, in raw_connection
    return 
self.pool.connect()
           
~~~~~~~~~~~~~~~~~^^
  File "C:\Users\harsh\
AppData\Local\Programs\
Python\Python314\Lib\si
te-packages\sqlalchemy\
pool\base.py", line 
448, in connect
    return _ConnectionF
airy._checkout(self)
           ~~~~~~~~~~~~
~~~~~~~~~~~~~~^^^^^^
  File "C:\Users\harsh\
AppData\Local\Programs\
Python\Python314\Lib\si
te-packages\sqlalchemy\
pool\base.py", line 
1272, in _checkout
    fairy = _Connection
Record.checkout(pool)
  File "C:\Users\harsh\
AppData\Local\Programs\
Python\Python314\Lib\si
te-packages\sqlalchemy\
pool\base.py", line 
712, in checkout
    rec = 
pool._do_get()
  File "C:\Users\harsh\
AppData\Local\Programs\
Python\Python314\Lib\si
te-packages\sqlalchemy\
pool\impl.py", line 
177, in _do_get
    with 
util.safe_reraise():
         
~~~~~~~~~~~~~~~~~^^
  File "C:\Users\harsh\
AppData\Local\Programs\
Python\Python314\Lib\si
te-packages\sqlalchemy\
util\langhelpers.py", 
line 121, in __exit__
    raise exc_value.wit
h_traceback(exc_tb)
  File "C:\Users\harsh\
AppData\Local\Programs\
Python\Python314\Lib\si
te-packages\sqlalchemy\
pool\impl.py", line 
175, in _do_get
    return self._create
_connection()
           ~~~~~~~~~~~~
~~~~~~~~~~~^^
  File "C:\Users\harsh\
AppData\Local\Programs\
Python\Python314\Lib\si
te-packages\sqlalchemy\
pool\base.py", line 
389, in 
_create_connection
    return 
_ConnectionRecord(self)
  File "C:\Users\harsh\
AppData\Local\Programs\
Python\Python314\Lib\si
te-packages\sqlalchemy\
pool\base.py", line 
674, in __init__
    self.__connect()
    ~~~~~~~~~~~~~~^^
  File "C:\Users\harsh\
AppData\Local\Programs\
Python\Python314\Lib\si
te-packages\sqlalchemy\
pool\base.py", line 
900, in __connect
    with 
util.safe_reraise():
         
~~~~~~~~~~~~~~~~~^^
  File "C:\Users\harsh\
AppData\Local\Programs\
Python\Python314\Lib\si
te-packages\sqlalchemy\
util\langhelpers.py", 
line 121, in __exit__
    raise exc_value.wit
h_traceback(exc_tb)
  File "C:\Users\harsh\
AppData\Local\Programs\
Python\Python314\Lib\si
te-packages\sqlalchemy\
pool\base.py", line 
896, in __connect
    
self.dbapi_connection 
= connection = pool._in
voke_creator(self)
                       
                  ~~~~~
~~~~~~~~~~~~~~~^^^^^^
  File "C:\Users\harsh\
AppData\Local\Programs\
Python\Python314\Lib\si
te-packages\sqlalchemy\
engine\create.py", 
line 667, in connect
    return dialect.conn
ect(*cargs_tup, 
**cparams)
           ~~~~~~~~~~~~
~~~^^^^^^^^^^^^^^^^^^^^
^^^
  File "C:\Users\harsh\
AppData\Local\Programs\
Python\Python314\Lib\si
te-packages\sqlalchemy\
engine\default.py", 
line 630, in connect
    return self.loaded_
dbapi.connect(*cargs, 
**cparams)  # type: 
ignore[no-any-return]  
# NOQA: E501
           ~~~~~~~~~~~~
~~~~~~~~~~~~~^^^^^^^^^^
^^^^^^^^^
  File "C:\Users\harsh\
AppData\Local\Programs\
Python\Python314\Lib\si
te-packages\psycopg2\__
init__.py", line 135, 
in connect
    conn = 
_connect(dsn, connectio
n_factory=connection_fa
ctory, **kwasync)
sqlalchemy.exc.Operatio
nalError: (psycopg2.Ope
rationalError) could 
not translate host 
name "db.rmozagpweahnny
heakak.supabase.co" to 
address: Name or 
service not known

(Background on this 
error at: https://sqlal
che.me/e/20/e3q8)
